// Jest Snapshot v1, https://goo.gl/fbAQLP

exports[`Modal Container Renders correctly 1`] = `
<ContextProvider
  value={
    Object {
      "store": Object {
        "clearActions": [Function],
        "dispatch": [Function],
        "getActions": [Function],
        "getState": [Function],
        "replaceReducer": [Function],
        "subscribe": [Function],
      },
      "storeState": Object {
        "product": Object {
          "additional_image_link": "dummy1.jpg,dummy2.jpg",
          "title": "Product Title",
        },
      },
    }
  }
>
  <Connect(Modal) />
</ContextProvider>
`;
