// Jest Snapshot v1, https://goo.gl/fbAQLP

exports[`App component Renders App component 1`] = `
<Fragment>
  <h1
    className="text-center"
  >
    Products Search
  </h1>
  <div
    className="input-container text-center"
  >
    <input
      onChange={[Function]}
      placeholder="Search for products..."
      type="text"
    />
  </div>
  <div
    className="flex-container flex-wrap"
  />
</Fragment>
`;
