// Jest Snapshot v1, https://goo.gl/fbAQLP

exports[`Product component Renders Product component 1`] = `
<div
  className="product"
>
  <div
    className="product__wrap"
  >
    <h2
      className="product__title"
    >
      Product Title
    </h2>
    <img
      alt="Product Title"
      src="dummy.jpg"
    />
    <ul
      className="product__details"
    >
      <li
        className="product__details_item"
      >
        Gtin: 
        gtinExample
      </li>
      <li
        className="product__details_item"
      >
        Gender: 
        female
      </li>
      <li
        className="product__details_item"
      >
        Price: 
        39.95 EUR
      </li>
      <li
        className="product__details_item"
      >
        Sale Price: 
        39.95 EUR
      </li>
    </ul>
  </div>
</div>
`;
